
> youth-diocese-platform@0.1.0 build
> next build

Ôû▓ Next.js 16.1.6 (Turbopack)

  Creating an optimized production build ...
node.exe : 
At line:1 char:1
+ & "C:\Program 
Files\nodejs/node.exe" 
"C:\Program 
Files\nodejs/node_mo ...
+ ~~~~~~~~~~~~~~~~~~~~~~~~~~~
~~~~~~~~~~~~~~~~~~~~~~~~~~~~~
~~~~~~~~~~~~~
    + CategoryInfo           
   : NotSpecified: (:String  
  ) [], RemoteException
    + FullyQualifiedErrorId  
   : NativeCommandError
 
> Build error occurred
Error: Turbopack build 
failed with 8 errors:
./app/(auth)/login/page.tsx:7
:1
Module not found: Can't 
resolve 
'@/components/ui/Card'
[0m [90m  5 |[39m 
[36mimport[39m { 
[33mButton[39m } 
[36mfrom[39m [32m"@/compon
ents/ui/button"[39m[33m;[3
9m
 [90m  6 |[39m 
[36mimport[39m { 
[33mInput[39m } 
[36mfrom[39m [32m"@/compon
ents/ui/Input"[39m[33m;[39
m
[31m[1m>[22m[39m[90m  7 
|[39m [36mimport[39m { 
[33mCard[39m[33m,[39m [3
3mCardContent[39m[33m,[39m
 [33mCardHeader[39m[33m,[
39m [33mCardTitle[39m[33m,
[39m [33mCardDescription[3
9m[33m,[39m 
[33mCardFooter[39m } 
[36mfrom[39m [32m"@/compon
ents/ui/Card"[39m[33m;[39m
 [90m    |[39m [31m[1m^[
22m[39m[31m[1m^[22m[39m
[31m[1m^[22m[39m[31m[1m^
[22m[39m[31m[1m^[22m[39
m[31m[1m^[22m[39m[31m[1
m^[22m[39m[31m[1m^[22m[
39m[31m[1m^[22m[39m[31m
[1m^[22m[39m[31m[1m^[22m
[39m[31m[1m^[22m[39m[31
m[1m^[22m[39m[31m[1m^[2
2m[39m[31m[1m^[22m[39m[
31m[1m^[22m[39m[31m[1m^
[22m[39m[31m[1m^[22m[39m
[31m[1m^[22m[39m[31m[1m
^[22m[39m[31m[1m^[22m[3
9m[31m[1m^[22m[39m[31m[
1m^[22m[39m[31m[1m^[22m
[39m[31m[1m^[22m[39m[31m
[1m^[22m[39m[31m[1m^[22
m[39m[31m[1m^[22m[39m[3
1m[1m^[22m[39m[31m[1m^[
22m[39m[31m[1m^[22m[39m
[31m[1m^[22m[39m[31m[1m^
[22m[39m[31m[1m^[22m[39
m[31m[1m^[22m[39m[31m[1
m^[22m[39m[31m[1m^[22m[
39m[31m[1m^[22m[39m[31m
[1m^[22m[39m[31m[1m^[22m
[39m[31m[1m^[22m[39m[31
m[1m^[22m[39m[31m[1m^[2
2m[39m[31m[1m^[22m[39m[
31m[1m^[22m[39m[31m[1m^
[22m[39m[31m[1m^[22m[39m
[31m[1m^[22m[39m[31m[1m
^[22m[39m[31m[1m^[22m[3
9m[31m[1m^[22m[39m[31m[
1m^[22m[39m[31m[1m^[22m
[39m[31m[1m^[22m[39m[31m
[1m^[22m[39m[31m[1m^[22
m[39m[31m[1m^[22m[39m[3
1m[1m^[22m[39m[31m[1m^[
22m[39m[31m[1m^[22m[39m
[31m[1m^[22m[39m[31m[1m^
[22m[39m[31m[1m^[22m[39
m[31m[1m^[22m[39m[31m[1
m^[22m[39m[31m[1m^[22m[
39m[31m[1m^[22m[39m[31m
[1m^[22m[39m[31m[1m^[22m
[39m[31m[1m^[22m[39m[31
m[1m^[22m[39m[31m[1m^[2
2m[39m[31m[1m^[22m[39m[
31m[1m^[22m[39m[31m[1m^
[22m[39m[31m[1m^[22m[39m
[31m[1m^[22m[39m[31m[1m
^[22m[39m[31m[1m^[22m[3
9m[31m[1m^[22m[39m[31m[
1m^[22m[39m[31m[1m^[22m
[39m[31m[1m^[22m[39m[31m
[1m^[22m[39m[31m[1m^[22
m[39m[31m[1m^[22m[39m[3
1m[1m^[22m[39m[31m[1m^[
22m[39m[31m[1m^[22m[39m
[31m[1m^[22m[39m[31m[1m^
[22m[39m[31m[1m^[22m[39
m[31m[1m^[22m[39m[31m[1
m^[22m[39m[31m[1m^[22m[
39m[31m[1m^[22m[39m[31m
[1m^[22m[39m[31m[1m^[22m
[39m[31m[1m^[22m[39m[31
m[1m^[22m[39m[31m[1m^[2
2m[39m[31m[1m^[22m[39m[
31m[1m^[22m[39m[31m[1m^
[22m[39m[31m[1m^[22m[39m
[31m[1m^[22m[39m[31m[1m
^[22m[39m[31m[1m^[22m[3
9m[31m[1m^[22m[39m
 [90m  8 |[39m 
[36mimport[39m 
[33mLogo[39m 
[36mfrom[39m [32m"@/compon
ents/ui/Logo"[39m[33m;[39m
 [90m  9 |[39m 
[36mimport[39m 
[33mFormError[39m 
[36mfrom[39m [32m"@/compon
ents/ui/FormError"[39m[33m;
[39m
 [90m 10 |[39m 
[36mimport[39m { motion } 
[36mfrom[39m [32m"framer-m
otion"[39m[33m;[39m[0m

Import map: aliased to 
relative 
'./components/ui/Card' 
inside of [project]/


Import traces:
  Client Component Browser:
    
./app/(auth)/login/page.tsx 
[Client Component Browser]
    
./app/(auth)/login/page.tsx 
[Server Component]

  Client Component SSR:
    
./app/(auth)/login/page.tsx 
[Client Component SSR]
    
./app/(auth)/login/page.tsx 
[Server Component]

https://nextjs.org/docs/messa
ges/module-not-found


./app/(auth)/signup/page.tsx:
8:1
Module not found: Can't 
resolve 
'@/components/ui/Card'
[0m [90m  6 |[39m 
[36mimport[39m { 
[33mButton[39m } 
[36mfrom[39m [32m"@/compon
ents/ui/button"[39m[33m;[3
9m
 [90m  7 |[39m 
[36mimport[39m { 
[33mInput[39m } 
[36mfrom[39m [32m"@/compon
ents/ui/Input"[39m[33m;[39
m
[31m[1m>[22m[39m[90m  8 
|[39m [36mimport[39m { 
[33mCard[39m[33m,[39m [3
3mCardContent[39m[33m,[39m
 [33mCardHeader[39m[33m,[
39m [33mCardTitle[39m[33m,
[39m [33mCardDescription[3
9m[33m,[39m 
[33mCardFooter[39m } 
[36mfrom[39m [32m"@/compon
ents/ui/Card"[39m[33m;[39m
 [90m    |[39m [31m[1m^[
22m[39m[31m[1m^[22m[39m
[31m[1m^[22m[39m[31m[1m^
[22m[39m[31m[1m^[22m[39
m[31m[1m^[22m[39m[31m[1
m^[22m[39m[31m[1m^[22m[
39m[31m[1m^[22m[39m[31m
[1m^[22m[39m[31m[1m^[22m
[39m[31m[1m^[22m[39m[31
m[1m^[22m[39m[31m[1m^[2
2m[39m[31m[1m^[22m[39m[
31m[1m^[22m[39m[31m[1m^
[22m[39m[31m[1m^[22m[39m
[31m[1m^[22m[39m[31m[1m
^[22m[39m[31m[1m^[22m[3
9m[31m[1m^[22m[39m[31m[
1m^[22m[39m[31m[1m^[22m
[39m[31m[1m^[22m[39m[31m
[1m^[22m[39m[31m[1m^[22
m[39m[31m[1m^[22m[39m[3
1m[1m^[22m[39m[31m[1m^[
22m[39m[31m[1m^[22m[39m
[31m[1m^[22m[39m[31m[1m^
[22m[39m[31m[1m^[22m[39
m[31m[1m^[22m[39m[31m[1
m^[22m[39m[31m[1m^[22m[
39m[31m[1m^[22m[39m[31m
[1m^[22m[39m[31m[1m^[22m
[39m[31m[1m^[22m[39m[31
m[1m^[22m[39m[31m[1m^[2
2m[39m[31m[1m^[22m[39m[
31m[1m^[22m[39m[31m[1m^
[22m[39m[31m[1m^[22m[39m
[31m[1m^[22m[39m[31m[1m
^[22m[39m[31m[1m^[22m[3
9m[31m[1m^[22m[39m[31m[
1m^[22m[39m[31m[1m^[22m
[39m[31m[1m^[22m[39m[31m
[1m^[22m[39m[31m[1m^[22
m[39m[31m[1m^[22m[39m[3
1m[1m^[22m[39m[31m[1m^[
22m[39m[31m[1m^[22m[39m
[31m[1m^[22m[39m[31m[1m^
[22m[39m[31m[1m^[22m[39
m[31m[1m^[22m[39m[31m[1
m^[22m[39m[31m[1m^[22m[
39m[31m[1m^[22m[39m[31m
[1m^[22m[39m[31m[1m^[22m
[39m[31m[1m^[22m[39m[31
m[1m^[22m[39m[31m[1m^[2
2m[39m[31m[1m^[22m[39m[
31m[1m^[22m[39m[31m[1m^
[22m[39m[31m[1m^[22m[39m
[31m[1m^[22m[39m[31m[1m
^[22m[39m[31m[1m^[22m[3
9m[31m[1m^[22m[39m[31m[
1m^[22m[39m[31m[1m^[22m
[39m[31m[1m^[22m[39m[31m
[1m^[22m[39m[31m[1m^[22
m[39m[31m[1m^[22m[39m[3
1m[1m^[22m[39m[31m[1m^[
22m[39m[31m[1m^[22m[39m
[31m[1m^[22m[39m[31m[1m^
[22m[39m[31m[1m^[22m[39
m[31m[1m^[22m[39m[31m[1
m^[22m[39m[31m[1m^[22m[
39m[31m[1m^[22m[39m[31m
[1m^[22m[39m[31m[1m^[22m
[39m[31m[1m^[22m[39m[31
m[1m^[22m[39m[31m[1m^[2
2m[39m[31m[1m^[22m[39m[
31m[1m^[22m[39m[31m[1m^
[22m[39m[31m[1m^[22m[39m
[31m[1m^[22m[39m[31m[1m
^[22m[39m[31m[1m^[22m[3
9m[31m[1m^[22m[39m
 [90m  9 |[39m 
[36mimport[39m 
[33mLogo[39m 
[36mfrom[39m [32m"@/compon
ents/ui/Logo"[39m[33m;[39m
 [90m 10 |[39m 
[36mimport[39m 
[33mFormError[39m 
[36mfrom[39m [32m"@/compon
ents/ui/FormError"[39m[33m;
[39m
 [90m 11 |[39m 
[36mimport[39m { motion } 
[36mfrom[39m [32m"framer-m
otion"[39m[33m;[39m[0m

Import map: aliased to 
relative 
'./components/ui/Card' 
inside of [project]/


Import traces:
  Client Component Browser:
    
./app/(auth)/signup/page.tsx 
[Client Component Browser]
    
./app/(auth)/signup/page.tsx 
[Server Component]

  Client Component SSR:
    
./app/(auth)/signup/page.tsx 
[Client Component SSR]
    
./app/(auth)/signup/page.tsx 
[Server Component]

https://nextjs.org/docs/messa
ges/module-not-found


./app/admin/admins/page.tsx:3
:1
Module not found: Can't 
resolve 
'@/components/ui/Card'
[0m [90m 1 |[39m 
[36mimport[39m 
[33mReact[39m 
[36mfrom[39m 
[32m"react"[39m[33m;[39m
 [90m 2 |[39m 
[36mimport[39m 
[33mDashboardLayout[39m 
[36mfrom[39m [32m"@/compon
ents/admin/DashboardLayout"[
39m[33m;[39m
[31m[1m>[22m[39m[90m 3 
|[39m [36mimport[39m { 
[33mCard[39m[33m,[39m [3
3mCardContent[39m[33m,[39m
 [33mCardHeader[39m[33m,[
39m [33mCardTitle[39m[33m,
[39m 
[33mCardDescription[39m } 
[36mfrom[39m [32m"@/compon
ents/ui/Card"[39m[33m;[39m
 [90m   |[39m [31m[1m^[2
2m[39m[31m[1m^[22m[39m[
31m[1m^[22m[39m[31m[1m^
[22m[39m[31m[1m^[22m[39m
[31m[1m^[22m[39m[31m[1m
^[22m[39m[31m[1m^[22m[3
9m[31m[1m^[22m[39m[31m[
1m^[22m[39m[31m[1m^[22m
[39m[31m[1m^[22m[39m[31m
[1m^[22m[39m[31m[1m^[22
m[39m[31m[1m^[22m[39m[3
1m[1m^[22m[39m[31m[1m^[
22m[39m[31m[1m^[22m[39m
[31m[1m^[22m[39m[31m[1m^
[22m[39m[31m[1m^[22m[39
m[31m[1m^[22m[39m[31m[1
m^[22m[39m[31m[1m^[22m[
39m[31m[1m^[22m[39m[31m
[1m^[22m[39m[31m[1m^[22m
[39m[31m[1m^[22m[39m[31
m[1m^[22m[39m[31m[1m^[2
2m[39m[31m[1m^[22m[39m[
31m[1m^[22m[39m[31m[1m^
[22m[39m[31m[1m^[22m[39m
[31m[1m^[22m[39m[31m[1m
^[22m[39m[31m[1m^[22m[3
9m[31m[1m^[22m[39m[31m[
1m^[22m[39m[31m[1m^[22m
[39m[31m[1m^[22m[39m[31m
[1m^[22m[39m[31m[1m^[22
m[39m[31m[1m^[22m[39m[3
1m[1m^[22m[39m[31m[1m^[
22m[39m[31m[1m^[22m[39m
[31m[1m^[22m[39m[31m[1m^
[22m[39m[31m[1m^[22m[39
m[31m[1m^[22m[39m[31m[1
m^[22m[39m[31m[1m^[22m[
39m[31m[1m^[22m[39m[31m
[1m^[22m[39m[31m[1m^[22m
[39m[31m[1m^[22m[39m[31
m[1m^[22m[39m[31m[1m^[2
2m[39m[31m[1m^[22m[39m[
31m[1m^[22m[39m[31m[1m^
[22m[39m[31m[1m^[22m[39m
[31m[1m^[22m[39m[31m[1m
^[22m[39m[31m[1m^[22m[3
9m[31m[1m^[22m[39m[31m[
1m^[22m[39m[31m[1m^[22m
[39m[31m[1m^[22m[39m[31m
[1m^[22m[39m[31m[1m^[22
m[39m[31m[1m^[22m[39m[3
1m[1m^[22m[39m[31m[1m^[
22m[39m[31m[1m^[22m[39m
[31m[1m^[22m[39m[31m[1m^
[22m[39m[31m[1m^[22m[39
m[31m[1m^[22m[39m[31m[1
m^[22m[39m[31m[1m^[22m[
39m[31m[1m^[22m[39m[31m
[1m^[22m[39m[31m[1m^[22m
[39m[31m[1m^[22m[39m[31
m[1m^[22m[39m[31m[1m^[2
2m[39m[31m[1m^[22m[39m[
31m[1m^[22m[39m[31m[1m^
[22m[39m[31m[1m^[22m[39m
[31m[1m^[22m[39m[31m[1m
^[22m[39m[31m[1m^[22m[3
9m[31m[1m^[22m[39m[31m[
1m^[22m[39m
 [90m 4 |[39m 
[36mimport[39m { 
[33mButton[39m } 
[36mfrom[39m [32m"@/compon
ents/ui/button"[39m[33m;[3
9m
 [90m 5 |[39m 
[36mimport[39m { 
[33mPlus[39m[33m,[39m 
[33mShield[39m[33m,[39m 
[33mMail[39m[33m,[39m [3
3mUserCircle[39m[33m,[39m 
[33mEdit2[39m[33m,[39m 
[33mShieldAlert[39m } 
[36mfrom[39m [32m"lucide-r
eact"[39m[33m;[39m
 [90m 6 |[39m 
[36mimport[39m { cn } 
[36mfrom[39m [32m"@/lib/ut
ils"[39m[33m;[39m[0m

Import map: aliased to 
relative 
'./components/ui/Card' 
inside of [project]/


https://nextjs.org/docs/messa
ges/module-not-found


./app/admin/audit-logs/page.t
sx:3:1
Module not found: Can't 
resolve 
'@/components/ui/Card'
[0m [90m 1 |[39m 
[36mimport[39m 
[33mReact[39m 
[36mfrom[39m 
[32m"react"[39m[33m;[39m
 [90m 2 |[39m 
[36mimport[39m 
[33mDashboardLayout[39m 
[36mfrom[39m [32m"@/compon
ents/admin/DashboardLayout"[
39m[33m;[39m
[31m[1m>[22m[39m[90m 3 
|[39m [36mimport[39m { 
[33mCard[39m[33m,[39m 
[33mCardContent[39m } 
[36mfrom[39m [32m"@/compon
ents/ui/Card"[39m[33m;[39m
 [90m   |[39m [31m[1m^[2
2m[39m[31m[1m^[22m[39m[
31m[1m^[22m[39m[31m[1m^
[22m[39m[31m[1m^[22m[39m
[31m[1m^[22m[39m[31m[1m
^[22m[39m[31m[1m^[22m[3
9m[31m[1m^[22m[39m[31m[
1m^[22m[39m[31m[1m^[22m
[39m[31m[1m^[22m[39m[31m
[1m^[22m[39m[31m[1m^[22
m[39m[31m[1m^[22m[39m[3
1m[1m^[22m[39m[31m[1m^[
22m[39m[31m[1m^[22m[39m
[31m[1m^[22m[39m[31m[1m^
[22m[39m[31m[1m^[22m[39
m[31m[1m^[22m[39m[31m[1
m^[22m[39m[31m[1m^[22m[
39m[31m[1m^[22m[39m[31m
[1m^[22m[39m[31m[1m^[22m
[39m[31m[1m^[22m[39m[31
m[1m^[22m[39m[31m[1m^[2
2m[39m[31m[1m^[22m[39m[
31m[1m^[22m[39m[31m[1m^
[22m[39m[31m[1m^[22m[39m
[31m[1m^[22m[39m[31m[1m
^[22m[39m[31m[1m^[22m[3
9m[31m[1m^[22m[39m[31m[
1m^[22m[39m[31m[1m^[22m
[39m[31m[1m^[22m[39m[31m
[1m^[22m[39m[31m[1m^[22
m[39m[31m[1m^[22m[39m[3
1m[1m^[22m[39m[31m[1m^[
22m[39m[31m[1m^[22m[39m
[31m[1m^[22m[39m[31m[1m^
[22m[39m[31m[1m^[22m[39
m[31m[1m^[22m[39m[31m[1
m^[22m[39m[31m[1m^[22m[
39m[31m[1m^[22m[39m[31m
[1m^[22m[39m[31m[1m^[22m
[39m[31m[1m^[22m[39m
 [90m 4 |[39m 
[36mimport[39m { 
 [90m 5 |[39m   
[33mHistory[39m[33m,[39m 
 [90m 6 |[39m   
[33mUser[39m[33m,[39m 
[0m

Import map: aliased to 
relative 
'./components/ui/Card' 
inside of [project]/


https://nextjs.org/docs/messa
ges/module-not-found


./app/admin/hierarchy/page.ts
x:5:1
Module not found: Can't 
resolve 
'@/components/ui/Card'
[0m [90m 3 |[39m 
[36mimport[39m 
[33mReact[39m[33m,[39m { 
useState } [36mfrom[39m 
[32m"react"[39m[33m;[39m
 [90m 4 |[39m 
[36mimport[39m 
[33mDashboardLayout[39m 
[36mfrom[39m [32m"@/compon
ents/admin/DashboardLayout"[
39m[33m;[39m
[31m[1m>[22m[39m[90m 5 
|[39m [36mimport[39m { 
[33mCard[39m[33m,[39m [3
3mCardContent[39m[33m,[39m
 [33mCardHeader[39m[33m,[
39m [33mCardTitle[39m[33m,
[39m 
[33mCardDescription[39m } 
[36mfrom[39m [32m"@/compon
ents/ui/Card"[39m[33m;[39m
 [90m   |[39m [31m[1m^[2
2m[39m[31m[1m^[22m[39m[
31m[1m^[22m[39m[31m[1m^
[22m[39m[31m[1m^[22m[39m
[31m[1m^[22m[39m[31m[1m
^[22m[39m[31m[1m^[22m[3
9m[31m[1m^[22m[39m[31m[
1m^[22m[39m[31m[1m^[22m
[39m[31m[1m^[22m[39m[31m
[1m^[22m[39m[31m[1m^[22
m[39m[31m[1m^[22m[39m[3
1m[1m^[22m[39m[31m[1m^[
22m[39m[31m[1m^[22m[39m
[31m[1m^[22m[39m[31m[1m^
[22m[39m[31m[1m^[22m[39
m[31m[1m^[22m[39m[31m[1
m^[22m[39m[31m[1m^[22m[
39m[31m[1m^[22m[39m[31m
[1m^[22m[39m[31m[1m^[22m
[39m[31m[1m^[22m[39m[31
m[1m^[22m[39m[31m[1m^[2
2m[39m[31m[1m^[22m[39m[
31m[1m^[22m[39m[31m[1m^
[22m[39m[31m[1m^[22m[39m
[31m[1m^[22m[39m[31m[1m
^[22m[39m[31m[1m^[22m[3
9m[31m[1m^[22m[39m[31m[
1m^[22m[39m[31m[1m^[22m
[39m[31m[1m^[22m[39m[31m
[1m^[22m[39m[31m[1m^[22
m[39m[31m[1m^[22m[39m[3
1m[1m^[22m[39m[31m[1m^[
22m[39m[31m[1m^[22m[39m
[31m[1m^[22m[39m[31m[1m^
[22m[39m[31m[1m^[22m[39
m[31m[1m^[22m[39m[31m[1
m^[22m[39m[31m[1m^[22m[
39m[31m[1m^[22m[39m[31m
[1m^[22m[39m[31m[1m^[22m
[39m[31m[1m^[22m[39m[31
m[1m^[22m[39m[31m[1m^[2
2m[39m[31m[1m^[22m[39m[
31m[1m^[22m[39m[31m[1m^
[22m[39m[31m[1m^[22m[39m
[31m[1m^[22m[39m[31m[1m
^[22m[39m[31m[1m^[22m[3
9m[31m[1m^[22m[39m[31m[
1m^[22m[39m[31m[1m^[22m
[39m[31m[1m^[22m[39m[31m
[1m^[22m[39m[31m[1m^[22
m[39m[31m[1m^[22m[39m[3
1m[1m^[22m[39m[31m[1m^[
22m[39m[31m[1m^[22m[39m
[31m[1m^[22m[39m[31m[1m^
[22m[39m[31m[1m^[22m[39
m[31m[1m^[22m[39m[31m[1
m^[22m[39m[31m[1m^[22m[
39m[31m[1m^[22m[39m[31m
[1m^[22m[39m[31m[1m^[22m
[39m[31m[1m^[22m[39m[31
m[1m^[22m[39m[31m[1m^[2
2m[39m[31m[1m^[22m[39m[
31m[1m^[22m[39m[31m[1m^
[22m[39m[31m[1m^[22m[39m
[31m[1m^[22m[39m[31m[1m
^[22m[39m[31m[1m^[22m[3
9m[31m[1m^[22m[39m[31m[
1m^[22m[39m
 [90m 6 |[39m 
[36mimport[39m { 
[33mButton[39m } 
[36mfrom[39m [32m"@/compon
ents/ui/button"[39m[33m;[3
9m
 [90m 7 |[39m 
[36mimport[39m { 
[33mPlus[39m[33m,[39m 
[33mChurch[39m[33m,[39m 
[33mMapPin[39m[33m,[39m 
[33mChevronRight[39m[33m,[
39m 
[33mEdit2[39m[33m,[39m 
[33mTrash2[39m } 
[36mfrom[39m [32m"lucide-r
eact"[39m[33m;[39m
 [90m 8 |[39m 
[36mimport[39m { cn } 
[36mfrom[39m [32m"@/lib/ut
ils"[39m[33m;[39m[0m

Import map: aliased to 
relative 
'./components/ui/Card' 
inside of [project]/


Import traces:
  Client Component Browser:
    ./app/admin/hierarchy/pag
e.tsx [Client Component 
Browser]
    ./app/admin/hierarchy/pag
e.tsx [Server Component]

  Client Component SSR:
    ./app/admin/hierarchy/pag
e.tsx [Client Component SSR]
    ./app/admin/hierarchy/pag
e.tsx [Server Component]

https://nextjs.org/docs/messa
ges/module-not-found


./app/register/page.tsx:26:1
Module not found: Can't 
resolve 
'@/components/ui/Card'
[0m [90m 24 |[39m 
[36mimport[39m { 
[33mButton[39m } 
[36mfrom[39m [32m"@/compon
ents/ui/button"[39m[33m;[3
9m
 [90m 25 |[39m 
[36mimport[39m { 
[33mInput[39m } 
[36mfrom[39m [32m"@/compon
ents/ui/Input"[39m[33m;[39
m
[31m[1m>[22m[39m[90m 26 
|[39m [36mimport[39m { 
[33mCard[39m[33m,[39m 
[33mCardContent[39m } 
[36mfrom[39m [32m"@/compon
ents/ui/Card"[39m[33m;[39m
 [90m    |[39m [31m[1m^[
22m[39m[31m[1m^[22m[39m
[31m[1m^[22m[39m[31m[1m^
[22m[39m[31m[1m^[22m[39
m[31m[1m^[22m[39m[31m[1
m^[22m[39m[31m[1m^[22m[
39m[31m[1m^[22m[39m[31m
[1m^[22m[39m[31m[1m^[22m
[39m[31m[1m^[22m[39m[31
m[1m^[22m[39m[31m[1m^[2
2m[39m[31m[1m^[22m[39m[
31m[1m^[22m[39m[31m[1m^
[22m[39m[31m[1m^[22m[39m
[31m[1m^[22m[39m[31m[1m
^[22m[39m[31m[1m^[22m[3
9m[31m[1m^[22m[39m[31m[
1m^[22m[39m[31m[1m^[22m
[39m[31m[1m^[22m[39m[31m
[1m^[22m[39m[31m[1m^[22
m[39m[31m[1m^[22m[39m[3
1m[1m^[22m[39m[31m[1m^[
22m[39m[31m[1m^[22m[39m
[31m[1m^[22m[39m[31m[1m^
[22m[39m[31m[1m^[22m[39
m[31m[1m^[22m[39m[31m[1
m^[22m[39m[31m[1m^[22m[
39m[31m[1m^[22m[39m[31m
[1m^[22m[39m[31m[1m^[22m
[39m[31m[1m^[22m[39m[31
m[1m^[22m[39m[31m[1m^[2
2m[39m[31m[1m^[22m[39m[
31m[1m^[22m[39m[31m[1m^
[22m[39m[31m[1m^[22m[39m
[31m[1m^[22m[39m[31m[1m
^[22m[39m[31m[1m^[22m[3
9m[31m[1m^[22m[39m[31m[
1m^[22m[39m[31m[1m^[22m
[39m[31m[1m^[22m[39m[31m
[1m^[22m[39m[31m[1m^[22
m[39m[31m[1m^[22m[39m
 [90m 27 |[39m 
[36mimport[39m 
[33mLogo[39m 
[36mfrom[39m [32m"@/compon
ents/ui/Logo"[39m[33m;[39m
 [90m 28 |[39m 
[36mimport[39m { cn } 
[36mfrom[39m [32m"@/lib/ut
ils"[39m[33m;[39m
 [90m 29 |[39m[0m

Import map: aliased to 
relative 
'./components/ui/Card' 
inside of [project]/


Import traces:
  Client Component Browser:
    ./app/register/page.tsx 
[Client Component Browser]
    ./app/register/page.tsx 
[Server Component]

  Client Component SSR:
    ./app/register/page.tsx 
[Client Component SSR]
    ./app/register/page.tsx 
[Server Component]

https://nextjs.org/docs/messa
ges/module-not-found


./components/admin/StatsCards
.tsx:10:1
Module not found: Can't 
resolve 
'@/components/ui/Card'
[0m [90m  8 |[39m   
[33mArrowDownRight[39m
 [90m  9 |[39m } 
[36mfrom[39m [32m"lucide-r
eact"[39m[33m;[39m
[31m[1m>[22m[39m[90m 10 
|[39m [36mimport[39m { 
[33mCard[39m[33m,[39m 
[33mCardContent[39m } 
[36mfrom[39m [32m"@/compon
ents/ui/Card"[39m[33m;[39m
 [90m    |[39m [31m[1m^[
22m[39m[31m[1m^[22m[39m
[31m[1m^[22m[39m[31m[1m^
[22m[39m[31m[1m^[22m[39
m[31m[1m^[22m[39m[31m[1
m^[22m[39m[31m[1m^[22m[
39m[31m[1m^[22m[39m[31m
[1m^[22m[39m[31m[1m^[22m
[39m[31m[1m^[22m[39m[31
m[1m^[22m[39m[31m[1m^[2
2m[39m[31m[1m^[22m[39m[
31m[1m^[22m[39m[31m[1m^
[22m[39m[31m[1m^[22m[39m
[31m[1m^[22m[39m[31m[1m
^[22m[39m[31m[1m^[22m[3
9m[31m[1m^[22m[39m[31m[
1m^[22m[39m[31m[1m^[22m
[39m[31m[1m^[22m[39m[31m
[1m^[22m[39m[31m[1m^[22
m[39m[31m[1m^[22m[39m[3
1m[1m^[22m[39m[31m[1m^[
22m[39m[31m[1m^[22m[39m
[31m[1m^[22m[39m[31m[1m^
[22m[39m[31m[1m^[22m[39
m[31m[1m^[22m[39m[31m[1
m^[22m[39m[31m[1m^[22m[
39m[31m[1m^[22m[39m[31m
[1m^[22m[39m[31m[1m^[22m
[39m[31m[1m^[22m[39m[31
m[1m^[22m[39m[31m[1m^[2
2m[39m[31m[1m^[22m[39m[
31m[1m^[22m[39m[31m[1m^
[22m[39m[31m[1m^[22m[39m
[31m[1m^[22m[39m[31m[1m
^[22m[39m[31m[1m^[22m[3
9m[31m[1m^[22m[39m[31m[
1m^[22m[39m[31m[1m^[22m
[39m[31m[1m^[22m[39m[31m
[1m^[22m[39m[31m[1m^[22
m[39m[31m[1m^[22m[39m
 [90m 11 |[39m 
[36mimport[39m { cn } 
[36mfrom[39m [32m"@/lib/ut
ils"[39m[33m;[39m
 [90m 12 |[39m
 [90m 13 |[39m 
[36mconst[39m stats 
[33m=[39m [[0m

Import map: aliased to 
relative 
'./components/ui/Card' 
inside of [project]/


Import trace:
  Server Component:
    ./components/admin/StatsC
ards.tsx
    ./app/admin/dashboard/pag
e.tsx

https://nextjs.org/docs/messa
ges/module-not-found


./components/admin/YouthTable
.tsx:14:1
Module not found: Can't 
resolve 
'@/components/ui/Card'
[0m [90m 12 |[39m 
[36mimport[39m { 
[33mButton[39m } 
[36mfrom[39m [32m"@/compon
ents/ui/button"[39m[33m;[3
9m
 [90m 13 |[39m 
[36mimport[39m { 
[33mInput[39m } 
[36mfrom[39m [32m"@/compon
ents/ui/Input"[39m[33m;[39
m
[31m[1m>[22m[39m[90m 14 
|[39m [36mimport[39m { 
[33mCard[39m } 
[36mfrom[39m [32m"@/compon
ents/ui/Card"[39m[33m;[39m
 [90m    |[39m [31m[1m^[
22m[39m[31m[1m^[22m[39m
[31m[1m^[22m[39m[31m[1m^
[22m[39m[31m[1m^[22m[39
m[31m[1m^[22m[39m[31m[1
m^[22m[39m[31m[1m^[22m[
39m[31m[1m^[22m[39m[31m
[1m^[22m[39m[31m[1m^[22m
[39m[31m[1m^[22m[39m[31
m[1m^[22m[39m[31m[1m^[2
2m[39m[31m[1m^[22m[39m[
31m[1m^[22m[39m[31m[1m^
[22m[39m[31m[1m^[22m[39m
[31m[1m^[22m[39m[31m[1m
^[22m[39m[31m[1m^[22m[3
9m[31m[1m^[22m[39m[31m[
1m^[22m[39m[31m[1m^[22m
[39m[31m[1m^[22m[39m[31m
[1m^[22m[39m[31m[1m^[22
m[39m[31m[1m^[22m[39m[3
1m[1m^[22m[39m[31m[1m^[
22m[39m[31m[1m^[22m[39m
[31m[1m^[22m[39m[31m[1m^
[22m[39m[31m[1m^[22m[39
m[31m[1m^[22m[39m[31m[1
m^[22m[39m[31m[1m^[22m[
39m[31m[1m^[22m[39m[31m
[1m^[22m[39m[31m[1m^[22m
[39m[31m[1m^[22m[39m[31
m[1m^[22m[39m[31m[1m^[2
2m[39m[31m[1m^[22m[39m
 [90m 15 |[39m 
[36mimport[39m { cn } 
[36mfrom[39m [32m"@/lib/ut
ils"[39m[33m;[39m
 [90m 16 |[39m
 [90m 17 |[39m 
[36mconst[39m mockYouth 
[33m=[39m [[0m

Import map: aliased to 
relative 
'./components/ui/Card' 
inside of [project]/


Import trace:
  Server Component:
    ./components/admin/YouthT
able.tsx
    ./app/admin/dashboard/pag
e.tsx

https://nextjs.org/docs/messa
ges/module-not-found


    at <unknown> (./app/(auth
)/login/page.tsx:7:1)
    at <unknown> (https://nex
tjs.org/docs/messages/module-
not-found)
    at <unknown> (./app/(auth
)/signup/page.tsx:8:1)
    at <unknown> (https://nex
tjs.org/docs/messages/module-
not-found)
    at <unknown> (./app/admin
/admins/page.tsx:3:1)
    at <unknown> (https://nex
tjs.org/docs/messages/module-
not-found)
    at <unknown> (./app/admin
/audit-logs/page.tsx:3:1)
    at <unknown> (https://nex
tjs.org/docs/messages/module-
not-found)
    at <unknown> (./app/admin
/hierarchy/page.tsx:5:1)
    at <unknown> (https://nex
tjs.org/docs/messages/module-
not-found)
    at <unknown> (./app/regis
ter/page.tsx:26:1)
    at <unknown> (https://nex
tjs.org/docs/messages/module-
not-found)
    at <unknown> (./component
s/admin/StatsCards.tsx:10:1)
    at <unknown> (https://nex
tjs.org/docs/messages/module-
not-found)
    at <unknown> (./component
s/admin/YouthTable.tsx:14:1)
    at <unknown> (https://nex
tjs.org/docs/messages/module-
not-found)
